Recorded Pikachu McDonald's Promo 020: 283,894
Recorded Pikachu with Grey Felt Hat 085: 49,705
Recorded Charizard ex SIR 199/165: 28,351
Recorded Charizard V Promo SWSH050: 50,932
Recorded Pikachu Scarlet & Violet Pre-Order 001: 75,909
Recorded Eevee Prismatic Evolutions ETB 173: 30,889
Recorded Moltres & Zapdos & Articuno GX SM210: 42,481
Recorded Mega Gengar ex SAR 240/193: 33,099
Recorded Umbreon ex SAR 217/187: 78,758
Recorded Mega Darkrai ex SAR 114/081: PSA 10 population 2,352; PSA estimate $355.00 USD
Recorded Pikachu ex SAR 234/193: PSA 10 population 30,630; PSA estimate $417.00 USD
Recorded Pikachu ex SAR-style 764/742: PSA 10 population 6,137; PSA estimate $2,247.00 USD
Recorded Rocket's Mewtwo ex SAR 237/193: PSA 10 population 18,275; PSA estimate $234.00 USD
Recorded Mega Dragonite ex SAR 246/193: PSA 10 population 25,694; PSA estimate $324.00 USD
Recorded Charizard ex SAR 201/165: PSA 10 population 37,470; PSA estimate $630.00 USD
Recorded Charizard ex SAR 134/108: PSA 10 population 19,841; PSA estimate $427.00 USD
Recorded Mew ex SAR 347/190: PSA 10 population 26,257; PSA estimate $840.00 USD
Recorded Charizard ex SAR 349/190: PSA 10 population 24,330; PSA estimate $380.00 USD
Recorded Mega Charizard X ex SAR 110/080: PSA 10 population 49,210; PSA estimate $1,034.00 USD
Recorded Giratina V Alt Art 111/100: PSA 10 population 13,570; PSA estimate $1,909.00 USD
Recorded Rayquaza VMAX Alt Art 083/067: PSA 10 population 2,495; PSA estimate $6,556.00 USD
Recorded Rocket's Giovanni BOSS Promo 270/SV-P: PSA 10 population 3,232; PSA estimate $84.00 USD
Recorded Giratina VSTAR UR 261/172: PSA 10 population 29,883; PSA estimate $327.00 USD
Recorded Arceus VSTAR UR 262/172: PSA 10 population 24,500; PSA estimate $209.00 USD
Wrote /home/yuka/card-pop-monitor/dashboard.html
Wrote /home/yuka/card-pop-monitor/about-asi.html
Recorded 24 verified card populations at 2026-08-12T11:29:19+09:00.

Collector started 2026-08-12T20:12:57+09:00
usage: pi_collector.py [-h] [--card CARD] [--delay DELAY]

Collect verified PSA populations with Chromium on Raspberry Pi.

options:
  -h, --help     show this help message and exit
  --card CARD    collect only one configured card id
  --delay DELAY  seconds between PSA requests
